// Jest Snapshot v1, https://goo.gl/fbAQLP

exports[`<FindId /> 1`] = `
<div>
  <main>
    <section>
      <h1>
        Hinc
      </h1>
    </section>
    <section>
      <p>
        아이디가 기억나지 않나요?
      </p>
      <p>
        이메일 주소를 입력하시면 이메일로 계정에 다시 엑세스 할 수 잇는 아이디를 보내드립니다.
      </p>
      <form>
        <input
          placeholder="이메일"
          type="text"
        />
        <input
          type="submit"
          value="로그인 링크 보내기"
        />
      </form>
      <a
        href="/user/find/password"
      >
        아이디를 알고 있나요? 비밀번호 찾으러 가기 &gt;
      </a>
      <p>
        또는
      </p>
      <div>
        <a
          href="/signup"
        >
          회원가입 하러 가기
        </a>
      </div>
    </section>
    <article>
      <a
        href="/login"
      >
        로그인으로 돌아가기
      </a>
    </article>
  </main>
</div>
`;
